// Jest Snapshot v1, https://goo.gl/fbAQLP

exports[`<TextInput/> should match sanpshot 1`] = `
<input
  class="text-input"
  placeholder="Pesquisa"
  type="search"
  value="Teste"
/>
`;
